// Jest Snapshot v1, https://goo.gl/fbAQLP

exports[`renders homepage unchanged 1`] = `
<div>
  <div
    class="styles__Container-sc-1cjsn6e-0 dWFvFg"
  >
    <div>
      <form
        class="styles__ContainerForm-sc-1cjsn6e-2 jpBIfw"
      >
        <div>
          <div>
            <p
              class="styles__Text-sc-1cjsn6e-1 kuMQGu"
            >
              Email Address
            </p>
          </div>
          <div
            class="styles__BoxInput-sc-1cjsn6e-3 gFPbXi"
          >
            <input
              class="styles__InputLogin-sc-1cjsn6e-4 bXRtkK"
              placeholder="your@email.com"
              type="text"
              value=""
            />
            <img
              alt=""
              data-nimg="1"
              decoding="async"
              height="50"
              loading="lazy"
              src="/_next/image?url=%2Fimg%2Femail-img.png&w=256&q=75"
              srcset="/_next/image?url=%2Fimg%2Femail-img.png&w=96&q=75 1x, /_next/image?url=%2Fimg%2Femail-img.png&w=256&q=75 2x"
              style="color: transparent;"
              width="70"
            />
          </div>
        </div>
        <div>
          <div>
            <p
              class="styles__Text-sc-1cjsn6e-1 kuMQGu"
            >
              Password
            </p>
          </div>
          <div
            class="styles__BoxInput-sc-1cjsn6e-3 gFPbXi"
          >
            <input
              class="styles__InputLogin-sc-1cjsn6e-4 bXRtkK"
              placeholder="Enter your password"
              type="text"
              value=""
            />
            <img
              alt=""
              data-nimg="1"
              decoding="async"
              height="50"
              loading="lazy"
              src="/_next/image?url=%2Fimg%2Fpassword-img.png&w=256&q=75"
              srcset="/_next/image?url=%2Fimg%2Fpassword-img.png&w=96&q=75 1x, /_next/image?url=%2Fimg%2Fpassword-img.png&w=256&q=75 2x"
              style="color: transparent;"
              width="70"
            />
          </div>
        </div>
        <div>
          <button
            class="styles__ButtonForm-sc-scim8g-0 gGAxDf"
          >
            Login Now
          </button>
        </div>
      </form>
    </div>
    <div
      class="styles__BoxHorizontalLine-sc-1cjsn6e-5 hMEFDo"
    >
      <div
        class="styles__HorizontalLine-sc-1cjsn6e-6 hduEhi"
      />
      <div>
        <p
          class="styles__Text-sc-1cjsn6e-1 kuMQGu"
        >
          OR
        </p>
      </div>
      <div
        class="styles__HorizontalLine-sc-1cjsn6e-6 hduEhi"
      />
    </div>
    <div>
      <button
        class="styles__ButtonForm-sc-scim8g-0 gGAxDf"
      >
        Signup Now
      </button>
    </div>
  </div>
</div>
`;
